// Jest Snapshot v1, https://goo.gl/fbAQLP

exports[`Inner, check if render success render 1`] = `
<View
  style={
    Array [
      Object {
        "backgroundColor": "#fff",
        "flex": 1,
        "height": 1334,
      },
      Object {
        "backgroundColor": "#F5F6F7",
        "paddingHorizontal": 16,
      },
    ]
  }
>
  <View
    style={
      Object {
        "alignItems": "center",
      }
    }
  >
    <Text
      style={
        Object {
          "color": "#2f5199",
          "fontSize": 24,
          "fontWeight": "bold",
          "paddingTop": 10,
        }
      }
    >
      GTS Cursos & desafios
    </Text>
    <View
      style={
        Object {
          "height": "70%",
          "width": "70%",
        }
      }
    >
      <svg
        data-file-name="SvgPersonSuporte"
      />
    </View>
  </View>
  <View
    style={
      Object {
        "flex": 1,
      }
    }
  />
  <TouchableOpacity
    onPress={[Function]}
    style={
      Object {
        "alignItems": "center",
        "backgroundColor": "#2f5199",
        "borderColor": "#dadada",
        "borderRadius": 40,
        "borderWidth": 0.3,
        "flexDirection": "row",
        "height": 52,
        "justifyContent": "center",
        "marginHorizontal": 0,
        "marginLeft": 0,
        "marginVertical": 5,
        "opacity": null,
        "paddingHorizontal": 24,
        "width": "100%",
      }
    }
  >
    <View
      style={
        Object {
          "alignItems": "center",
          "flexDirection": "row",
        }
      }
    >
      <Text
        style={
          Object {
            "color": "#ffffff",
            "fontSize": undefined,
            "paddingVertical": 10,
            "textAlign": "center",
          }
        }
      >
        Login
      </Text>
    </View>
  </TouchableOpacity>
  <TouchableOpacity
    onPress={[Function]}
    style={
      Object {
        "alignItems": "center",
        "backgroundColor": "transparent",
        "borderColor": "#dadada",
        "borderRadius": 40,
        "borderWidth": 2,
        "flexDirection": "row",
        "height": 52,
        "justifyContent": "center",
        "marginHorizontal": 0,
        "marginLeft": 0,
        "marginVertical": 5,
        "opacity": null,
        "paddingHorizontal": 24,
        "width": "100%",
      }
    }
  >
    <View
      style={
        Object {
          "alignItems": "center",
          "flexDirection": "row",
        }
      }
    >
      <Text
        style={
          Object {
            "color": "#2f5199",
            "fontSize": undefined,
            "paddingVertical": 10,
            "textAlign": "center",
          }
        }
      >
        Cadastro
      </Text>
    </View>
  </TouchableOpacity>
</View>
`;
